[
    {
        "cve_id": "CVE-2020-15604",
        "product": "tartanllama_expected",
        "cpe": [],
        "affected_start": null,
        "affected_end": null,
        "bool_inc_start": null,
        "bool_inc_end": null
    },
    {
        "cve_id": "CVE-2020-24560",
        "product": "tartanllama_expected",
        "cpe": [],
        "affected_start": null,
        "affected_end": null,
        "bool_inc_start": null,
        "bool_inc_end": null
    },
    {
        "cve_id": "CVE-2021-29694",
        "product": "tartanllama_expected",
        "cpe": [],
        "affected_start": null,
        "affected_end": null,
        "bool_inc_start": null,
        "bool_inc_end": null
    },
    {
        "cve_id": "CVE-2022-22932",
        "product": "tartanllama_expected",
        "cpe": [],
        "affected_start": null,
        "affected_end": null,
        "bool_inc_start": null,
        "bool_inc_end": null
    }
]